=== Starting EndOS Build Process ===
--> Checking for required build tools...
    Missing required packages: devtools
    Installing with pacman...
resolving dependencies...
looking for conflicting packages...

Package (34)                     New Version     Net Change  Download Size

extra/apr                        1.7.6-1           1.16 MiB       0.27 MiB
extra/apr-util                   1.6.3-2           0.67 MiB       0.16 MiB
extra/breezy                     3.3.21-2         57.61 MiB       7.70 MiB
extra/expac                      10-12             0.03 MiB       0.01 MiB
extra/glow                       2.1.1-1          16.74 MiB       4.92 MiB
extra/gum                        0.17.0-1         13.21 MiB       3.63 MiB
extra/jq                         1.8.1-1           0.45 MiB       0.19 MiB
core/libedit                     20251016_3.1-1    0.26 MiB       0.11 MiB
extra/libutf8proc                2.11.3-1          0.38 MiB       0.07 MiB
extra/libyaml                    0.2.5-3           0.18 MiB       0.06 MiB
extra/mercurial                  7.2-1            36.42 MiB       6.31 MiB
extra/oniguruma                  6.9.10-1          0.88 MiB       0.22 MiB
core/openssh                     10.2p1-2          6.37 MiB       1.25 MiB
extra/parallel                   20260222-1        0.89 MiB       0.33 MiB
extra/python-binaryornot         0.6.0-1           0.10 MiB       0.03 MiB
extra/python-boolean.py          5.0-2             0.36 MiB       0.06 MiB
extra/python-chardet             6.0.0.post1-1    35.24 MiB       0.58 MiB
extra/python-click               8.3.2-1           1.36 MiB       0.23 MiB
extra/python-configobj           5.0.9-6           0.40 MiB       0.07 MiB
extra/python-debian              1.1.0-1           1.72 MiB       0.27 MiB
extra/python-dulwich             1.1.0-1          10.81 MiB       1.64 MiB
extra/python-fastbencode         0.3.10-1          0.54 MiB       0.21 MiB
extra/python-jinja               1:3.1.6-3         2.04 MiB       0.32 MiB
extra/python-license-expression  30.4.4-2          1.24 MiB       0.12 MiB
extra/python-markupsafe          3.0.3-1           0.09 MiB       0.02 MiB
extra/python-merge3              0.0.16-2          0.10 MiB       0.03 MiB
extra/python-patiencediff        0.2.18-2          0.67 MiB       0.24 MiB
extra/python-tomlkit             0.14.0-1          0.69 MiB       0.11 MiB
extra/python-urllib3             2.6.3-1           1.44 MiB       0.24 MiB
extra/python-yaml                6.0.3-2           0.96 MiB       0.19 MiB
extra/reuse                      6.2.0-2           1.80 MiB       0.31 MiB
extra/serf                       1.3.10-2          0.17 MiB       0.06 MiB
extra/subversion                 1.14.5-5         35.78 MiB       8.11 MiB
extra/devtools                   1:1.5.0-1         0.45 MiB       0.13 MiB

Total Download Size:    38.22 MiB
Total Installed Size:  231.22 MiB

:: Proceed with installation? [Y/n] 
:: Retrieving packages...
 subversion-1.14.5-5-x86_64 downloading...
 breezy-3.3.21-2-x86_64 downloading...
 mercurial-7.2-1-x86_64 downloading...
 glow-2.1.1-1-x86_64 downloading...
 gum-0.17.0-1-x86_64 downloading...
 python-dulwich-1.1.0-1-x86_64 downloading...
 openssh-10.2p1-2-x86_64 downloading...
 python-chardet-6.0.0.post1-1-any downloading...
 parallel-20260222-1-any downloading...
 python-jinja-1:3.1.6-3-any downloading...
 reuse-6.2.0-2-any downloading...
 apr-1.7.6-1-x86_64 downloading...
 python-debian-1.1.0-1-any downloading...
 python-urllib3-2.6.3-1-any downloading...
 python-patiencediff-0.2.18-2-x86_64 downloading...
 python-click-8.3.2-1-any downloading...
 oniguruma-6.9.10-1-x86_64 downloading...
 python-fastbencode-0.3.10-1-x86_64 downloading...
 python-yaml-6.0.3-2-x86_64 downloading...
 jq-1.8.1-1-x86_64 downloading...
 apr-util-1.6.3-2-x86_64 downloading...
 devtools-1:1.5.0-1-any downloading...
 python-license-expression-30.4.4-2-any downloading...
 python-tomlkit-0.14.0-1-any downloading...
 libedit-20251016_3.1-1-x86_64 downloading...
 libutf8proc-2.11.3-1-x86_64 downloading...
 python-configobj-5.0.9-6-any downloading...
 python-boolean.py-5.0-2-any downloading...
 serf-1.3.10-2-x86_64 downloading...
 libyaml-0.2.5-3-x86_64 downloading...
 python-binaryornot-0.6.0-1-any downloading...
 python-merge3-0.0.16-2-any downloading...
 python-markupsafe-3.0.3-1-x86_64 downloading...
 expac-10-12-x86_64 downloading...
checking keyring...
checking package integrity...
loading package files...
checking for file conflicts...
:: Processing package changes...
installing expac...
installing glow...
installing gum...
installing oniguruma...
installing jq...
installing libedit...
installing openssh...
Optional dependencies for openssh
    libfido2: FIDO/U2F support
    sh: for ssh-copy-id and findssl.sh [installed]
    x11-ssh-askpass: input passphrase in X
    xorg-xauth: X11 forwarding
installing parallel...
Optional dependencies for parallel
    parallel-docs: documentation
installing python-chardet...
installing python-debian...
installing python-boolean.py...
installing python-license-expression...
installing python-markupsafe...
installing python-jinja...
Optional dependencies for python-jinja
    python-babel: for i18n support
installing python-binaryornot...
installing python-tomlkit...
installing python-click...
installing reuse...
Optional dependencies for reuse
    git: git repository support [installed]
    mercurial: mercurial repository support [pending]
installing python-configobj...
installing python-urllib3...
Optional dependencies for python-urllib3
    python-brotli: Brotli support
    python-brotlicffi: Brotli support
    python-h2: HTTP/2 support
    python-pysocks: SOCKS support
installing python-dulwich...
Optional dependencies for python-dulwich
    python-fastimport: for fast-import support
    python-gpgme: for PGP signature support
    python-idna: for HTTPS support via urllib3
    python-merge3: for merge support [pending]
    python-paramiko: for use as the SSH implementation
    python-pyopenssl: for HTTPS support via urllib3
    python-pyinotify: to watch for changes to refs
    python-rich: for colorized diff support
installing python-fastbencode...
installing python-merge3...
installing python-patiencediff...
installing libyaml...
installing python-yaml...
installing breezy...
Optional dependencies for breezy
    python-fastimport: Fastimport support
    python-gpgme: PGP support
    python-paramiko: access branches over SFTP
installing mercurial...
Optional dependencies for mercurial
    tk: for the hgk GUI
installing apr...
installing apr-util...
Optional dependencies for apr-util
    gdbm: enable gdbm support [installed]
    libldap: enable ldap support [installed]
    unixodbc: enable odbc support
    mariadb-libs: enable mysql/mariadb support
    postgresql-libs: enable postgres support
    db: enable berkley db support
    sqlite: enable sqlite support [installed]
    nss: enable nss crypto support
    openssl: enable openssl crypto support [installed]
installing libutf8proc...
installing serf...
installing subversion...
Optional dependencies for subversion
    libsecret: for GNOME Keyring for auth credentials [installed]
    bash-completion: for svn bash completion
    python: for some hook scripts [installed]
    java-environment: for Java support
    ruby: for some hook scripts
installing devtools...
Optional dependencies for devtools
    btrfs-progs: btrfs support [installed]
    bat: pretty printing for pkgctl search
    nvchecker: pkgctl version subcommand
:: Running post-transaction hooks...
(1/5) Creating temporary files...
(2/5) Reloading system manager configuration...
  Skipped: Current root is not booted.
(3/5) Reloading user manager configuration...
  Skipped: Current root is not booted.
(4/5) Arming ConditionNeedsUpdate...
(5/5) Checking for old perl modules...
    ✓ Required tools installed
--> Cleaning up previous build artifacts...
    Checking for stuck mounts in /workspace/build_chroot...
--> Cloning dots-hyprland...
Cloning into 'dots-hyprland'...
Submodule 'dots/.config/quickshell/ii/modules/common/widgets/shapes' (https://github.com/end-4/rounded-polygon-qmljs.git) registered for path 'dots/.config/quickshell/ii/modules/common/widgets/shapes'
Cloning into '/workspace/dots-hyprland/dots/.config/quickshell/ii/modules/common/widgets/shapes'...
Submodule path 'dots/.config/quickshell/ii/modules/common/widgets/shapes': checked out 'e31ec4cb4ebf6a46b267f5c42eabf6874916fa16'
--> Extracting packages and requirements from dots-hyprland...
--> Rebuilding iso/packages.x86_64...
    Package list updated.
--> Updating requirements.txt...
--> Distributing dotfiles (incremental)...
--> Baking dotfile configs into ISO...
    Copying .config files (quickshell, hypr, fish, konsole, etc.)...
    Copying .local files (icons, konsole, etc.)...
    Patching env.conf for ISO venv path (both skel and liveuser)...
      - Patched: iso/airootfs/etc/skel/.config/hypr/hyprland/env.conf
      - Patched: iso/airootfs/home/liveuser/.config/hypr/hyprland/env.conf
    Creating firstrun marker...
--> Installing EndOS Installer into ISO...
    Copying installer files...
    Creating launcher script...
    ✓ Installer launcher created at /usr/local/bin/endos-installer
--> Managing local repository...
    Syncing host repository configurations...
    Verifying local package integrity...
      - MISSING: adw-gtk-theme-git (needs rebuild/download).
    Verification issues detected. Forcing update.
    Updating local package cache...
    Setting local_repo path to: /workspace/local_repo
    Verified pacman.conf local_repo path: /workspace/local_repo
    Syncing with system repositories...
:: Synchronizing package databases...
 local_repo downloading...
 core downloading...
 extra downloading...
 multilib downloading...
    Downloading official packages...
:: Synchronizing package databases...
 local_repo downloading...
 core downloading...
 extra downloading...
 multilib downloading...
    ========================================
    Detected AUR packages (31 total):
      - adw-gtk-theme-git
      - antigravity
      - breeze-plus
      - cpptrace
      - darkly-bin
      - google-chrome
      - illogical-impulse-audio
      - illogical-impulse-backlight
      - illogical-impulse-basic
      - illogical-impulse-bibata-modern-classic-bin
      - illogical-impulse-fonts-themes
      - illogical-impulse-hyprland
      - illogical-impulse-kde
      - illogical-impulse-microtex-git
      - illogical-impulse-portal
      - illogical-impulse-python
      - illogical-impulse-quickshell-git
      - illogical-impulse-screencapture
      - illogical-impulse-toolkit
      - illogical-impulse-widgets
      - lib32-python311-bin
      - millennium
      - otf-space-grotesk
      - spicetify-cli
      - spotify
      - ttf-readex-pro
      - ttf-rubik-vf
      - ttf-twemoji-color
      - vesktop-bin
      - visual-studio-code-bin
      - wlogout
    ========================================
    Attempting to build...
    Creating build chroot environment for package isolation...
Create subvolume '/workspace/build_chroot/root'
==> Creating install root at /workspace/build_chroot/root
==> Installing packages to /workspace/build_chroot/root
:: Synchronizing package databases...
 local_repo downloading...
 core downloading...
 extra downloading...
 multilib downloading...
resolving dependencies...
:: There are 2 providers available for libxtables.so=12-64:
:: Repository core
   1) iptables  2) iptables-nft

Enter a number (default=1): 
looking for conflicting packages...

Packages (287) acl-2.3.2-1  adwaita-cursors-49.0-1  adwaita-fonts-50.0-1  adwaita-icon-theme-49.0-1  adwaita-icon-theme-legacy-46.2-3  archlinux-keyring-20260323-1  at-spi2-core-2.58.4-1  atkmm-2.28.4-1  attr-2.5.2-1  audit-4.1.4-2  autoconf-2.73-1  automake-1.18.1-1  avahi-1:0.9rc3-1  bash-5.3.9-1  binutils-2.46-1  bison-3.8.2-8  brotli-1.2.0-1  bubblewrap-0.11.1-1  bzip2-1.0.8-6  ca-certificates-20240618-1  ca-certificates-mozilla-3.122-1  ca-certificates-utils-20240618-1  cairo-1.18.4-1  cairomm-1.14.5-3  coreutils-9.10-1  cryptsetup-2.8.4-1  curl-8.19.0-1  dav1d-1.5.3-1  db5.3-5.3.28-7  dbus-1.16.2-1  dbus-broker-37-3  dbus-broker-units-37-3  dbus-units-37-3  dconf-0.49.0-1  debugedit-5.2-1  default-cursors-3-1  desktop-file-utils-0.28-1  device-mapper-2.03.39-1  diffutils-3.12-2  double-conversion-3.4.0-1  duktape-2.7.0-7  e2fsprogs-1.47.4-1  expat-2.7.5-1  fakeroot-1.37.2-1  file-5.47-1  filesystem-2025.10.12-1  findutils-4.10.0-3  flex-2.6.4-5  fontconfig-2:2.17.1-1  freetype2-2.14.3-1  fribidi-1.0.16-2  gawk-5.4.0-1  gc-8.2.12-1  gcc-15.2.1+r604+g0b99615a8aef-1  gcc-libs-15.2.1+r604+g0b99615a8aef-1  gdbm-1.26-2  gdk-pixbuf2-2.44.4-1  gettext-1.0-2  giflib-5.2.2-2  glib-networking-1:2.80.1-1  glib2-2.86.4-1  glibc-2.43+r5+g856c426a7534-1  glibmm-2.66.8-1  glycin-2.0.8-1  gmp-6.3.0-3  gnulib-l10n-20241231-1  gnupg-2.4.9-1  gnutls-3.8.12-2  gperftools-2.18.1-1  gpgme-2.0.1-3  graphite-1:1.3.14-6  grep-3.12-2  groff-1.24.1-1  gsettings-desktop-schemas-49.1-1  gsettings-system-schemas-49.1-1  gtest-1.17.0-2  gtk-update-icon-cache-1:4.20.3-1  gtk3-1:3.24.52-1  gtkmm3-3.24.10-1  guile-3.0.11-1  gzip-1.14-2  harfbuzz-13.2.1-1  hicolor-icon-theme-0.18-1  highway-1.3.0-2  hwdata-0.405-1  iana-etc-20260306-1  icu-78.3-1  iproute2-6.19.0-2  iptables-1:1.8.11-2  iputils-20250605-1  iso-codes-4.20.1-1  jansson-2.15.0-1  jbigkit-2.1-8  json-c-0.18-2  json-glib-1.10.8-1  kbd-2.9.0-1  keyutils-1.6.3-3  kmod-34.2-1  krb5-1.21.3-2  lcms2-2.18-1  leancrypto-1.7.0-1  libarchive-3.8.6-1  libasan-15.2.1+r604+g0b99615a8aef-1  libassuan-3.0.0-1  libatomic-15.2.1+r604+g0b99615a8aef-1  libb2-0.98.1-3  libbpf-1.6.2-1  libcap-2.77-1  libcap-ng-0.9.2-1  libcloudproviders-0.4.0-1  libcolord-1.4.8-1  libcups-2:2.4.16-2  libdaemon-0.14-6  libdatrie-0.2.14-1  libdeflate-1.25-1  libdrm-2.4.131-1  libedit-20251016_3.1-1  libelf-0.194-2  libepoxy-1.5.10-3  libevdev-1.13.6-1  libevent-2.1.12-5  libffi-3.5.2-1  libgcc-15.2.1+r604+g0b99615a8aef-1  libgcrypt-1.12.1-1  libgfortran-15.2.1+r604+g0b99615a8aef-1  libglvnd-1.7.0-3  libgomp-15.2.1+r604+g0b99615a8aef-1  libgpg-error-1.59-1  libgudev-238-3  libice-1.1.2-1  libidn2-2.3.8-1  libinput-1.31.0-1  libisl-0.27-1  libjpeg-turbo-3.1.3-1  libjxl-0.11.2-2  libksba-1.6.8-1  libldap-2.6.13-1  liblsan-15.2.1+r604+g0b99615a8aef-1  libmakepkg-dropins-20-1  libmnl-1.0.5-2  libmpc-1.4.0-1  libnetfilter_conntrack-1.0.9-2  libnfnetlink-1.0.2-2  libnftnl-1.3.1-1  libnghttp2-1.68.1-1  libnghttp3-1.15.0-1  libngtcp2-1.21.0-1  libnl-3.12.0-1  libnsl-2.0.1-1  libobjc-15.2.1+r604+g0b99615a8aef-1  libp11-kit-0.26.2-1  libpcap-1.10.6-1  libpciaccess-0.19-1  libpng-1.6.56-1  libproxy-0.5.12-1  libpsl-0.21.5-2  libquadmath-15.2.1+r604+g0b99615a8aef-1  librsvg-2:2.61.4-1  libsasl-2.1.28-5  libseccomp-2.6.0-1  libsecret-0.21.7-1  libsigc++-2.12.1-2  libsm-1.2.6-1  libsoup3-3.6.6-2  libspiro-1:20240903-1  libssh2-1.11.1-1  libstdc++-15.2.1+r604+g0b99615a8aef-1  libstemmer-3.0.1-1  libsysprof-capture-49.0-2  libtasn1-4.21.0-1  libthai-0.1.30-1  libtiff-4.7.1-1  libtirpc-1.3.7-1  libtool-2.6.0-4  libtsan-15.2.1+r604+g0b99615a8aef-1  libubsan-15.2.1+r604+g0b99615a8aef-1  libuninameslist-20250909-1  libunistring-1.4.1-1  libunwind-1.8.2-1  liburing-2.14-1  libusb-1.0.29-1  libverto-0.3.2-5  libwacom-2.18.0-2  libwebp-1.6.0-2  libx11-1.8.13-1  libxau-1.0.12-1  libxcb-1.17.0-1  libxcomposite-0.4.7-1  libxcrypt-4.5.2-1  libxcursor-1.2.3-1  libxdamage-1.1.7-1  libxdmcp-1.1.5-1  libxext-1.3.7-1  libxfixes-6.0.2-1  libxft-2.3.9-1  libxi-1.8.2-1  libxinerama-1.1.6-1  libxkbcommon-1.13.1-1  libxkbcommon-x11-1.13.1-1  libxml2-2.15.2-1  libxrandr-1.5.5-1  libxrender-0.9.12-1  libxshmfence-1.3.3-1  libxtst-1.2.5-1  libxxf86vm-1.1.7-1  licenses-20240728-1  linux-api-headers-6.19-1  llvm-libs-22.1.2-1  lm_sensors-1:3.6.2-1  lmdb-0.9.35-1  lua54-5.4.8-6  lz4-1:1.10.0-2  lzo-2.10-5  m4-1.4.21-2  make-4.4.1-2  md4c-0.5.2-1  mesa-1:26.0.3-1  mpdecimal-4.0.1-3  mpfr-4.2.2-1  mtdev-1.1.7-1  ncurses-6.6-2  nettle-3.10.2-1  npth-1.8-1  openssl-3.6.1-1  p11-kit-0.26.2-1  pacman-mirrorlist-20260213-1  pam-1.7.2-2  pambase-20250719-1  pango-1:1.57.1-1  pangomm-2.46.4-1  patch-2.8-1  pciutils-3.14.0-1  pcre2-10.47-1  perl-5.42.1-1  pinentry-1.3.2-2  pixman-0.46.4-1  pkgconf-2.5.1-1  polkit-127-3  popt-1.19-2  potrace-1.16-4  procps-ng-4.0.6-1  psmisc-23.7-1  python-3.14.3-1  qt6-base-6.11.0-1  qt6-translations-6.11.0-1  readline-8.3.003-1  sed-4.9-3  shadow-4.18.0-1  shared-mime-info-2.4-3  spirv-tools-1:1.4.341.0-2  sqlite-3.52.0-1  sudo-1.9.17.p2-2  systemd-libs-260.1-1  systemd-sysvcompat-260.1-1  tar-1.35-2  texinfo-7.2-1  tinysparql-3.10.1-2  tpm2-tss-4.1.3-1  tslib-1.24-1  tzdata-2026a-1  util-linux-2.41.3-2  util-linux-libs-2.41.3-2  wayland-1.24.0-1  which-2.23-1  woff2-1.0.2-6  xcb-proto-1.17.0-4  xcb-util-0.4.1-2  xcb-util-cursor-0.1.6-1  xcb-util-image-0.4.1-3  xcb-util-keysyms-0.4.1-5  xcb-util-renderutil-0.3.10-2  xcb-util-wm-0.4.2-2  xdg-utils-1.2.1-2  xkeyboard-config-2.47-1  xorg-xprop-1.2.8-1  xorgproto-2025.1-1  xxhash-0.8.3-1  xz-5.8.2-1  zlib-1:1.3.2-3  zstd-1.5.7-3  base-3-3  base-devel-1-2  fontforge-20251009-5  pacman-7.1.0.r9.g54d9411-1  polkit-qt6-0.200.0-2  python-fonttools-4.62.1-1  systemd-260.1-1

Total Download Size:    237.12 MiB
Total Installed Size:  1593.21 MiB

:: Proceed with installation? [Y/n] 
:: Retrieving packages...
 llvm-libs-22.1.2-1-x86_64 downloading...
 qt6-base-6.11.0-1-x86_64 downloading...
 mesa-1:26.0.3-1-x86_64 downloading...
 icu-78.3-1-x86_64 downloading...
 fontforge-20251009-5-x86_64 downloading...
 glibc-2.43+r5+g856c426a7534-1-x86_64 downloading...
 gtk3-1:3.24.52-1-x86_64 downloading...
 binutils-2.46-1-x86_64 downloading...
 openssl-3.6.1-1-x86_64 downloading...
 util-linux-2.41.3-2-x86_64 downloading...
 glib2-2.86.4-1-x86_64 downloading...
 glycin-2.0.8-1-x86_64 downloading...
 iso-codes-4.20.1-1-any downloading...
 gettext-1.0-2-x86_64 downloading...
 python-fonttools-4.62.1-1-x86_64 downloading...
 coreutils-9.10-1-x86_64 downloading...
 gnupg-2.4.9-1-x86_64 downloading...
 librsvg-2:2.61.4-1-x86_64 downloading...
 sqlite-3.52.0-1-x86_64 downloading...
 libjxl-0.11.2-2-x86_64 downloading...
 adwaita-icon-theme-legacy-46.2-3-any downloading...
 adwaita-fonts-50.0-1-any downloading...
 libx11-1.8.13-1-x86_64 downloading...
 qt6-translations-6.11.0-1-any downloading...
 spirv-tools-1:1.4.341.0-2-x86_64 downloading...
 bash-5.3.9-1-x86_64 downloading...
 gnutls-3.8.12-2-x86_64 downloading...
 hwdata-0.405-1-any downloading...
 pcre2-10.47-1-x86_64 downloading...
 linux-api-headers-6.19-1-x86_64 downloading...
 gawk-5.4.0-1-x86_64 downloading...
 gtkmm3-3.24.10-1-x86_64 downloading...
 krb5-1.21.3-2-x86_64 downloading...
 kbd-2.9.0-1-x86_64 downloading...
 e2fsprogs-1.47.4-1-x86_64 downloading...
 curl-8.19.0-1-x86_64 downloading...
 harfbuzz-13.2.1-1-x86_64 downloading...
 shadow-4.18.0-1-x86_64 downloading...
 highway-1.3.0-2-x86_64 downloading...
 iproute2-6.19.0-2-x86_64 downloading...
 tinysparql-3.10.1-2-x86_64 downloading...
 glibmm-2.66.8-1-x86_64 downloading...
 libxcb-1.17.0-1-x86_64 downloading...
 procps-ng-4.0.6-1-x86_64 downloading...
 pacman-7.1.0.r9.g54d9411-1-x86_64 downloading...
 tpm2-tss-4.1.3-1-x86_64 downloading...
 libgfortran-15.2.1+r604+g0b99615a8aef-1-x86_64 downloading...
 xkeyboard-config-2.47-1-any downloading...
 xz-5.8.2-1-x86_64 downloading...
 cryptsetup-2.8.4-1-x86_64 downloading...
 libcap-2.77-1-x86_64 downloading...
 tar-1.35-2-x86_64 downloading...
 gsettings-desktop-schemas-49.1-1-any downloading...
 libxml2-2.15.2-1-x86_64 downloading...
 libstdc++-15.2.1+r604+g0b99615a8aef-1-x86_64 downloading...
 libgcrypt-1.12.1-1-x86_64 downloading...
 libunistring-1.4.1-1-x86_64 downloading...
 dav1d-1.5.3-1-x86_64 downloading...
 libelf-0.194-2-x86_64 downloading...
 cairo-1.18.4-1-x86_64 downloading...
 shared-mime-info-2.4-3-x86_64 downloading...
 pam-1.7.2-2-x86_64 downloading...
 at-spi2-core-2.58.4-1-x86_64 downloading...
 libjpeg-turbo-3.1.3-1-x86_64 downloading...
 libarchive-3.8.6-1-x86_64 downloading...
 freetype2-2.14.3-1-x86_64 downloading...
 zstd-1.5.7-3-x86_64 downloading...
 gperftools-2.18.1-1-x86_64 downloading...
 libp11-kit-0.26.2-1-x86_64 downloading...
 util-linux-libs-2.41.3-2-x86_64 downloading...
 libasan-15.2.1+r604+g0b99615a8aef-1-x86_64 downloading...
 gdk-pixbuf2-2.44.4-1-x86_64 downloading...
 findutils-4.10.0-3-x86_64 downloading...
 nettle-3.10.2-1-x86_64 downloading...
 libtsan-15.2.1+r604+g0b99615a8aef-1-x86_64 downloading...
 gmp-6.3.0-3-x86_64 downloading...
 file-5.47-1-x86_64 downloading...
 avahi-1:0.9rc3-1-x86_64 downloading...
 mpfr-4.2.2-1-x86_64 downloading...
 pango-1:1.57.1-1-x86_64 downloading...
 libnl-3.12.0-1-x86_64 downloading...
 iptables-1:1.8.11-2-x86_64 downloading...
 polkit-127-3-x86_64 downloading...
 readline-8.3.003-1-x86_64 downloading...
 iana-etc-20260306-1-any downloading...
 libsoup3-3.6.6-2-x86_64 downloading...
 brotli-1.2.0-1-x86_64 downloading...
 ca-certificates-mozilla-3.122-1-x86_64 downloading...
 libtiff-4.7.1-1-x86_64 downloading...
 gtest-1.17.0-2-x86_64 downloading...
 fontconfig-2:2.17.1-1-x86_64 downloading...
 libuninameslist-20250909-1-x86_64 downloading...
 lua54-5.4.8-6-x86_64 downloading...
 adwaita-cursors-49.0-1-any downloading...
 libdrm-2.4.131-1-x86_64 downloading...
 dbus-1.16.2-1-x86_64 downloading...
 libwebp-1.6.0-2-x86_64 downloading...
 libglvnd-1.7.0-3-x86_64 downloading...
 gpgme-2.0.1-3-x86_64 downloading...
 libepoxy-1.5.10-3-x86_64 downloading...
 tzdata-2026a-1-x86_64 downloading...
 libpcap-1.10.6-1-x86_64 downloading...
 device-mapper-2.03.39-1-x86_64 downloading...
 pixman-0.46.4-1-x86_64 downloading...
 libldap-2.6.13-1-x86_64 downloading...
 libxkbcommon-1.13.1-1-x86_64 downloading...
 libcups-2:2.4.16-2-x86_64 downloading...
 libgpg-error-1.59-1-x86_64 downloading...
 libthai-0.1.30-1-x86_64 downloading...
 libevent-2.1.12-5-x86_64 downloading...
 psmisc-23.7-1-x86_64 downloading...
 libbpf-1.6.2-1-x86_64 downloading...
 gdbm-1.26-2-x86_64 downloading...
 libpng-1.6.56-1-x86_64 downloading...
 liburing-2.14-1-x86_64 downloading...
 libssh2-1.11.1-1-x86_64 downloading...
 p11-kit-0.26.2-1-x86_64 downloading...
 xorgproto-2025.1-1-any downloading...
 grep-3.12-2-x86_64 downloading...
 lcms2-2.18-1-x86_64 downloading...
 libinput-1.31.0-1-x86_64 downloading...
 liblsan-15.2.1+r604+g0b99615a8aef-1-x86_64 downloading...
 libgomp-15.2.1+r604+g0b99615a8aef-1-x86_64 downloading...
 sed-4.9-3-x86_64 downloading...
 adwaita-icon-theme-49.0-1-any downloading...
 libubsan-15.2.1+r604+g0b99615a8aef-1-x86_64 downloading...
 libngtcp2-1.21.0-1-x86_64 downloading...
 pinentry-1.3.2-2-x86_64 downloading...
 libsecret-0.21.7-1-x86_64 downloading...
 libcolord-1.4.8-1-x86_64 downloading...
 libwacom-2.18.0-2-x86_64 downloading...
 duktape-2.7.0-7-x86_64 downloading...
 json-glib-1.10.8-1-x86_64 downloading...
 libtirpc-1.3.7-1-x86_64 downloading...
 libquadmath-15.2.1+r604+g0b99615a8aef-1-x86_64 downloading...
 lz4-1:1.10.0-2-x86_64 downloading...
 libxi-1.8.2-1-x86_64 downloading...
 dbus-broker-37-3-x86_64 downloading...
 libsasl-2.1.28-5-x86_64 downloading...
 pciutils-3.14.0-1-x86_64 downloading...
 wayland-1.24.0-1-x86_64 downloading...
 libksba-1.6.8-1-x86_64 downloading...
 glib-networking-1:2.80.1-1-x86_64 downloading...
 iputils-20250605-1-x86_64 downloading...
 acl-2.3.2-1-x86_64 downloading...
 libstemmer-3.0.1-1-x86_64 downloading...
 lm_sensors-1:3.6.2-1-x86_64 downloading...
 libtasn1-4.21.0-1-x86_64 downloading...
 libidn2-2.3.8-1-x86_64 downloading...
 kmod-34.2-1-x86_64 downloading...
 xcb-proto-1.17.0-4-any downloading...
 libunwind-1.8.2-1-x86_64 downloading...
 gnulib-l10n-20241231-1-any downloading...
 expat-2.7.5-1-x86_64 downloading...
 lmdb-0.9.35-1-x86_64 downloading...
 libassuan-3.0.0-1-x86_64 downloading...
 libdatrie-0.2.14-1-x86_64 downloading...
 dconf-0.49.0-1-x86_64 downloading...
 licenses-20240728-1-any downloading...
 libxext-1.3.7-1-x86_64 downloading...
 atkmm-2.28.4-1-x86_64 downloading...
 keyutils-1.6.3-3-x86_64 downloading...
 tslib-1.24-1-x86_64 downloading...
 pangomm-2.46.4-1-x86_64 downloading...
 libseccomp-2.6.0-1-x86_64 downloading...
 libnghttp2-1.68.1-1-x86_64 downloading...
 potrace-1.16-4-x86_64 downloading...
 libxcrypt-4.5.2-1-x86_64 downloading...
 polkit-qt6-0.200.0-2-x86_64 downloading...
 cairomm-1.14.5-3-x86_64 downloading...
 jansson-2.15.0-1-x86_64 downloading...
 libpsl-0.21.5-2-x86_64 downloading...
 gzip-1.14-2-x86_64 downloading...
 graphite-1:1.3.14-6-x86_64 downloading...
 zlib-1:1.3.2-3-x86_64 downloading...
 md4c-0.5.2-1-x86_64 downloading...
 libice-1.1.2-1-x86_64 downloading...
 libnghttp3-1.15.0-1-x86_64 downloading...
 libgcc-15.2.1+r604+g0b99615a8aef-1-x86_64 downloading...
 giflib-5.2.2-2-x86_64 downloading...
 popt-1.19-2-x86_64 downloading...
 libusb-1.0.29-1-x86_64 downloading...
 libnftnl-1.3.1-1-x86_64 downloading...
 fribidi-1.0.16-2-x86_64 downloading...
 attr-2.5.2-1-x86_64 downloading...
 libsigc++-2.12.1-2-x86_64 downloading...
 libxft-2.3.9-1-x86_64 downloading...
 xdg-utils-1.2.1-2-any downloading...
 json-c-0.18-2-x86_64 downloading...
 bzip2-1.0.8-6-x86_64 downloading...
 libevdev-1.13.6-1-x86_64 downloading...
 double-conversion-3.4.0-1-x86_64 downloading...
 woff2-1.0.2-6-x86_64 downloading...
 jbigkit-2.1-8-x86_64 downloading...
 libsysprof-capture-49.0-2-x86_64 downloading...
 libnetfilter_conntrack-1.0.9-2-x86_64 downloading...
 libcloudproviders-0.4.0-1-x86_64 downloading...
 libffi-3.5.2-1-x86_64 downloading...
 libsm-1.2.6-1-x86_64 downloading...
 libb2-0.98.1-3-x86_64 downloading...
 libgudev-238-3-x86_64 downloading...
 desktop-file-utils-0.28-1-x86_64 downloading...
 bubblewrap-0.11.1-1-x86_64 downloading...
 libobjc-15.2.1+r604+g0b99615a8aef-1-x86_64 downloading...
 xcb-util-wm-0.4.2-2-x86_64 downloading...
 libxcursor-1.2.3-1-x86_64 downloading...
 libxkbcommon-x11-1.13.1-1-x86_64 downloading...
 libproxy-0.5.12-1-x86_64 downloading...
 libxrender-0.9.12-1-x86_64 downloading...
 libxtst-1.2.5-1-x86_64 downloading...
 npth-1.8-1-x86_64 downloading...
 libxrandr-1.5.5-1-x86_64 downloading...
 libxdmcp-1.1.5-1-x86_64 downloading...
 xorg-xprop-1.2.8-1-x86_64 downloading...
 libnsl-2.0.1-1-x86_64 downloading...
 libpciaccess-0.19-1-x86_64 downloading...
 libdaemon-0.14-6-x86_64 downloading...
 libspiro-1:20240903-1-x86_64 downloading...
 libverto-0.3.2-5-x86_64 downloading...
 xcb-util-image-0.4.1-3-x86_64 downloading...
 libnfnetlink-1.0.2-2-x86_64 downloading...
 mtdev-1.1.7-1-x86_64 downloading...
 gtk-update-icon-cache-1:4.20.3-1-x86_64 downloading...
 libxxf86vm-1.1.7-1-x86_64 downloading...
 filesystem-2025.10.12-1-any downloading...
 libxfixes-6.0.2-1-x86_64 downloading...
 libatomic-15.2.1+r604+g0b99615a8aef-1-x86_64 downloading...
 hicolor-icon-theme-0.18-1-any downloading...
 libxcomposite-0.4.7-1-x86_64 downloading...
 xcb-util-0.4.1-2-x86_64 downloading...
 libxau-1.0.12-1-x86_64 downloading...
 xcb-util-cursor-0.1.6-1-x86_64 downloading...
 libmnl-1.0.5-2-x86_64 downloading...
 ca-certificates-utils-20240618-1-any downloading...
 libxinerama-1.1.6-1-x86_64 downloading...
 xcb-util-renderutil-0.3.10-2-x86_64 downloading...
 xcb-util-keysyms-0.4.1-5-x86_64 downloading...
 libxdamage-1.1.7-1-x86_64 downloading...
 pacman-mirrorlist-20260213-1-any downloading...
 libmakepkg-dropins-20-1-any downloading...
 libxshmfence-1.3.3-1-x86_64 downloading...
 gsettings-system-schemas-49.1-1-any downloading...
 pambase-20250719-1-any downloading...
 gcc-libs-15.2.1+r604+g0b99615a8aef-1-x86_64 downloading...
 dbus-broker-units-37-3-x86_64 downloading...
 base-3-3-any downloading...
 default-cursors-3-1-any downloading...
 dbus-units-37-3-x86_64 downloading...
 ca-certificates-20240618-1-any downloading...
checking keyring...
checking package integrity...
loading package files...
checking for file conflicts...
:: Processing package changes...
installing iana-etc...
installing filesystem...
installing linux-api-headers...
installing tzdata...
Optional dependencies for tzdata
    bash: for tzselect [pending]
    glibc: for zdump, zic [pending]
installing glibc...
Optional dependencies for glibc
    gd: for memusagestat
    perl: for mtrace [pending]
installing libasan...
installing libatomic...
installing libgfortran...
installing libgcc...
installing libgomp...
installing liblsan...
installing libobjc...
installing libquadmath...
installing libstdc++...
installing libtsan...
installing libubsan...
installing gcc-libs...
installing ncurses...
Optional dependencies for ncurses
    bash: for ncursesw6-config [pending]
installing readline...
installing bash...
Optional dependencies for bash
    bash-completion: for tab completion
installing acl...
installing attr...
installing gmp...
installing zlib...
installing sqlite...
installing util-linux-libs...
Optional dependencies for util-linux-libs
    python: python bindings to libmount [pending]
installing e2fsprogs...
Optional dependencies for e2fsprogs
    lvm2: for e2scrub
    util-linux: for e2scrub [pending]
    smtp-forwarder: for e2scrub_fail script
installing keyutils...
installing gdbm...
installing openssl...
Optional dependencies for openssl
    ca-certificates [pending]
    perl [pending]
installing libsasl...
installing libldap...
installing libevent...
Optional dependencies for libevent
    python: event_rpcgen.py [pending]
installing libverto...
installing lmdb...
installing krb5...
installing libcap-ng...
installing audit...
Optional dependencies for audit
    audispd-plugins: for audit event dispatcher plugins
    audispd-plugins-zos: for z/OS audit event dispatcher plugin
installing libxcrypt...
installing libtirpc...
installing libnsl...
installing pambase...
installing libgpg-error...
installing libgcrypt...
installing lz4...
installing xz...
installing zstd...
installing systemd-libs...
installing pam...
installing libcap...
installing coreutils...
installing bzip2...
installing libseccomp...
installing file...
installing findutils...
installing mpfr...
installing gawk...
installing pcre2...
Optional dependencies for pcre2
    sh: for pcre2-config [installed]
installing grep...
installing procps-ng...
installing sed...
installing tar...
installing libtasn1...
installing libffi...
installing libp11-kit...
installing p11-kit...
installing ca-certificates-utils...
installing ca-certificates-mozilla...
installing ca-certificates...
installing brotli...
installing libunistring...
installing libidn2...
installing libnghttp2...
installing libnghttp3...
installing nettle...
installing leancrypto...
installing gnutls...
Optional dependencies for gnutls
    tpm2-tss: support for TPM2 wrapped keys [pending]
installing libngtcp2...
installing libpsl...
installing libssh2...
installing curl...
installing json-c...
installing gnulib-l10n...
installing icu...
installing libxml2...
Optional dependencies for libxml2
    python: Python bindings [pending]
installing gettext...
Optional dependencies for gettext
    git: for autopoint infrastructure updates
    appstream: for appstream support
installing hwdata...
installing kmod...
installing pciutils...
Optional dependencies for pciutils
    which: for update-pciids [pending]
    grep: for update-pciids [installed]
    curl: for update-pciids [installed]
installing psmisc...
installing shadow...
installing util-linux...
Optional dependencies for util-linux
    words: default dictionary for look
installing gzip...
Optional dependencies for gzip
    less: zless support
    util-linux: zmore support [installed]
    diffutils: zdiff/zcmp support [pending]
installing licenses...
installing libksba...
installing libusb...
installing libassuan...
installing libsysprof-capture...
installing glib2...
Optional dependencies for glib2
    dconf: GSettings storage backend [pending]
    glib2-devel: development tools
    gvfs: most gio functionality
installing tpm2-tss...
installing libsecret...
Optional dependencies for libsecret
    org.freedesktop.secrets: secret storage backend
installing pinentry...
Optional dependencies for pinentry
    gcr: GNOME backend
    gtk3: GTK backend [pending]
    qt5-x11extras: Qt5 backend
    kwayland5: Qt5 backend
    kguiaddons: Qt6 backend
    kwindowsystem: Qt6 backend
installing npth...
installing gnupg...
Optional dependencies for gnupg
    pcsclite: for using scdaemon not with the gnupg internal card driver
installing gpgme...
installing libarchive...
installing pacman-mirrorlist...
installing device-mapper...
installing popt...
installing cryptsetup...
installing expat...
installing dbus...
installing dbus-broker...
installing dbus-broker-units...
installing dbus-units...
installing kbd...
installing libelf...
installing systemd...
Initializing machine ID from random generator.
Creating group 'sys' with GID 3.
Creating group 'mem' with GID 8.
Creating group 'ftp' with GID 11.
Creating group 'mail' with GID 12.
Creating group 'log' with GID 19.
Creating group 'smmsp' with GID 25.
Creating group 'proc' with GID 26.
Creating group 'games' with GID 50.
Creating group 'lock' with GID 54.
Creating group 'network' with GID 90.
Creating group 'floppy' with GID 94.
Creating group 'scanner' with GID 96.
Creating group 'power' with GID 98.
Creating group 'nobody' with GID 65534.
Creating group 'adm' with GID 999.
Creating group 'wheel' with GID 998.
Creating group 'empower' with GID 997.
Creating group 'utmp' with GID 996.
Creating group 'audio' with GID 995.
Creating group 'clock' with GID 994.
Creating group 'disk' with GID 993.
Creating group 'input' with GID 992.
Creating group 'kmem' with GID 991.
Creating group 'kvm' with GID 990.
Creating group 'lp' with GID 989.
Creating group 'optical' with GID 988.
Creating group 'render' with GID 987.
Creating group 'sgx' with GID 986.
Creating group 'storage' with GID 985.
Creating group 'tty' with GID 5.
Creating group 'uucp' with GID 984.
Creating group 'video' with GID 983.
Creating group 'users' with GID 982.
Creating group 'groups' with GID 981.
Creating group 'systemd-journal' with GID 980.
Creating group 'rfkill' with GID 979.
Creating group 'bin' with GID 1.
Creating user 'bin' (n/a) with UID 1 and GID 1.
Creating group 'daemon' with GID 2.
Creating user 'daemon' (n/a) with UID 2 and GID 2.
Creating user 'mail' (n/a) with UID 8 and GID 12.
Creating user 'ftp' (n/a) with UID 14 and GID 11.
Creating group 'http' with GID 33.
Creating user 'http' (n/a) with UID 33 and GID 33.
Creating user 'nobody' (Kernel Overflow User) with UID 65534 and GID 65534.
Creating group 'dbus' with GID 81.
Creating user 'dbus' (System Message Bus) with UID 81 and GID 81.
Creating group 'systemd-coredump' with GID 978.
Creating user 'systemd-coredump' (systemd Core Dumper) with UID 978 and GID 978.
Creating group 'systemd-network' with GID 977.
Creating user 'systemd-network' (systemd Network Management) with UID 977 and GID 977.
Creating group 'systemd-oom' with GID 976.
Creating user 'systemd-oom' (systemd Userspace OOM Killer) with UID 976 and GID 976.
Creating group 'systemd-journal-remote' with GID 975.
Creating user 'systemd-journal-remote' (systemd Journal Remote) with UID 975 and GID 975.
Creating group 'systemd-resolve' with GID 974.
Creating user 'systemd-resolve' (systemd Resolver) with UID 974 and GID 974.
Creating group 'systemd-timesync' with GID 973.
Creating user 'systemd-timesync' (systemd Time Synchronization) with UID 973 and GID 973.
Creating group 'tss' with GID 972.
Creating user 'tss' (tss user for tpm2) with UID 972 and GID 972.
Creating group 'uuidd' with GID 971.
Creating user 'uuidd' (UUID generator helper daemon) with UID 971 and GID 971.
Created symlink '/etc/systemd/system/autovt@.service' → '/usr/lib/systemd/system/getty@.service'.
Created symlink '/etc/systemd/system/getty.target.wants/getty@tty1.service' → '/usr/lib/systemd/system/getty@.service'.
Created symlink '/etc/systemd/system/multi-user.target.wants/remote-fs.target' → '/usr/lib/systemd/system/remote-fs.target'.
Created symlink '/etc/systemd/system/sockets.target.wants/systemd-userdbd.socket' → '/usr/lib/systemd/system/systemd-userdbd.socket'.
Optional dependencies for systemd
    libmicrohttpd: systemd-journal-gatewayd and systemd-journal-remote
    apparmor: additional security features
    quota-tools: kernel-level quota management
    systemd-sysvcompat: symlink package to provide sysvinit binaries [pending]
    systemd-ukify: combine kernel and initrd into a signed Unified Kernel Image
    polkit: allow administration as unprivileged user [pending]
    curl: systemd-journal-upload, machinectl pull-tar and pull-raw [installed]
    gnutls: systemd-journal-gatewayd and systemd-journal-remote [installed]
    qrencode: show QR codes
    iptables: firewall features [pending]
    libarchive: convert DDIs to tarballs [installed]
    libbpf: support BPF programs [pending]
    libpwquality: check password quality
    libfido2: unlocking LUKS2 volumes with FIDO2 token
    libp11-kit: support PKCS#11 [installed]
    tpm2-tss: unlocking LUKS2 volumes with TPM2 [installed]
installing jansson...
installing binutils...
Optional dependencies for binutils
    debuginfod: for debuginfod server/client functionality
    perl: for gprofng-display-html [pending]
installing libmakepkg-dropins...
installing pacman...
Optional dependencies for pacman
    base-devel: required to use makepkg [pending]
    perl-locale-gettext: translation support in makepkg-template
installing archlinux-keyring...
==> Appending keys from archlinux.gpg...
==> Updating trust database...
gpg: next trustdb check due at 2026-10-21
installing systemd-sysvcompat...
installing iputils...
installing libmnl...
installing libnftnl...
installing libnl...
installing libpcap...
installing libnfnetlink...
installing libnetfilter_conntrack...
installing iptables...
installing libbpf...
installing iproute2...
Optional dependencies for iproute2
    db: userspace arp daemon
    linux-atm: ATM support
    python: for routel [pending]
installing base...
Optional dependencies for base
    linux: bare metal support
installing m4...
installing diffutils...
installing db5.3...
installing perl...
installing autoconf...
installing automake...
installing bison...
installing xxhash...
installing debugedit...
installing fakeroot...
installing flex...
installing libmpc...
installing libisl...
installing gcc...
Optional dependencies for gcc
    lib32-gcc-libs: for generating code for 32-bit ABI
installing groff...
Optional dependencies for groff
    netpbm: for use together with man -H command interaction in browsers
    psutils: for use together with man -H command interaction in browsers
    libxaw: for gxditview
    perl-file-homedir: for use with glilypond
installing libtool...
installing gc...
installing guile...
installing make...
installing patch...
Optional dependencies for patch
    ed: for patch -e functionality
installing pkgconf...
installing sudo...
installing texinfo...
Optional dependencies for texinfo
    perl-archive-zip: EPUB file output via texi2any
installing which...
installing base-devel...
installing giflib...
installing adwaita-fonts...
installing hicolor-icon-theme...
installing adwaita-icon-theme-legacy...
installing adwaita-cursors...
installing adwaita-icon-theme...
installing dconf...
installing gsettings-system-schemas...
installing gsettings-desktop-schemas...
installing xcb-proto...
installing xorgproto...
installing libxdmcp...
installing libxau...
installing libxcb...
installing libx11...
installing libxext...
installing libxfixes...
installing libxi...
installing libxtst...
installing xorg-xprop...
installing at-spi2-core...
installing libpng...
installing freetype2...
Optional dependencies for freetype2
    harfbuzz: Improved autohinting [pending]
installing fontconfig...
Creating fontconfig configuration...
Rebuilding fontconfig cache...
installing libxrender...
installing lzo...
installing pixman...
installing cairo...
installing desktop-file-utils...
installing fribidi...
installing bubblewrap...
installing libjpeg-turbo...
Optional dependencies for libjpeg-turbo
    java-runtime>11: for TurboJPEG Java wrapper
installing jbigkit...
installing libdeflate...
installing libwebp...
Optional dependencies for libwebp
    libwebp-utils: WebP conversion and inspection tools
installing libtiff...
Optional dependencies for libtiff
    freeglut: for using tiffgt
installing lcms2...
installing libunwind...
installing gperftools...
installing gtest...
Optional dependencies for gtest
    python: gmock generator [pending]
installing highway...
installing libjxl...
Optional dependencies for libjxl
    java-runtime: for JNI bindings
installing dav1d...
Optional dependencies for dav1d
    dav1d-doc: HTML documentation
installing graphite...
Optional dependencies for graphite
    graphite-docs: Documentation
installing harfbuzz...
Optional dependencies for harfbuzz
    harfbuzz-utils: utilities
installing libdatrie...
installing libthai...
installing libxft...
installing pango...
installing librsvg...
installing glycin...
Optional dependencies for glycin
    libheif: Load .avif, .heic and .heif
installing shared-mime-info...
installing gdk-pixbuf2...
Optional dependencies for gdk-pixbuf2
    libheif: Load .avif, .heic and .heif
    libopenraw: Load .arw, .cr2, .crw, .dng, .erf, .mrw, .nef, .orf, .pef and .raf
    libwmf: Load .apm and .wmf
installing iso-codes...
installing libcloudproviders...
installing libcolord...
installing libdaemon...
installing avahi...
Optional dependencies for avahi
    gtk3: avahi-discover, avahi-discover-standalone, bshell, bssh, bvnc [pending]
    libevent: libevent bindings [installed]
    nss-mdns: NSS support for mDNS
    python-dbus: avahi-bookmarks, avahi-discover
    python-gobject: avahi-bookmarks, avahi-discover
    python-twisted: avahi-bookmarks
installing libcups...
installing libpciaccess...
installing libdrm...
Optional dependencies for libdrm
    cairo: needed for modetest tool [installed]
installing libxshmfence...
installing libxxf86vm...
installing libedit...
installing llvm-libs...
installing lm_sensors...
Optional dependencies for lm_sensors
    rrdtool: for logging with sensord
    perl: for sensor detection and configuration convert [installed]
installing spirv-tools...
installing default-cursors...
Optional dependencies for default-cursors
    adwaita-cursors: default cursor theme [installed]
installing wayland...
installing mesa...
Optional dependencies for mesa
    opengl-man-pages: for the OpenGL API man pages
installing libglvnd...
installing libepoxy...
installing libxcomposite...
installing libxcursor...
installing libxdamage...
installing libxinerama...
installing xkeyboard-config...
installing libxkbcommon...
Optional dependencies for libxkbcommon
    libxkbcommon-x11: xkbcli interactive-x11 [pending]
    wayland: xkbcli interactive-wayland [installed]
installing libxrandr...
installing json-glib...
installing duktape...
installing libproxy...
installing glib-networking...
installing libsoup3...
Optional dependencies for libsoup3
    samba: Windows Domain SSO
installing libstemmer...
installing tinysparql...
installing gtk-update-icon-cache...
installing gtk3...
Optional dependencies for gtk3
    evince: Default print preview command
installing libsigc++...
installing glibmm...
installing atkmm...
installing cairomm...
installing pangomm...
installing gtkmm3...
installing libspiro...
installing libuninameslist...
installing potrace...
installing mpdecimal...
installing python...
Optional dependencies for python
    python-setuptools: for building Python packages using tooling that is usually bundled with Python
    python-pip: for installing Python packages using tooling that is usually bundled with Python
    python-pipx: for installing Python software not packaged on Arch Linux
    sqlite: for a default database integration [installed]
    xz: for lzma [installed]
    tk: for tkinter
installing woff2...
installing fontforge...
installing python-fonttools...
Optional dependencies for python-fonttools
    python-brotli: to compress/decompress WOFF 2.0 web fonts
    python-fs: to read/write UFO source files
    python-lxml: faster backend for XML files reading/writing
    python-lz4: for graphite type tables in ttLib/tables
    python-matplotlib: for visualizing DesignSpaceDocument and resulting VariationModel
    python-pyqt5: for drawing glyphs with Qt’s QPainterPath
    python-reportlab: to drawing glyphs as PNG images
    python-scipy: for finding wrong contour/component order between different masters
    python-sympy: for symbolic font statistics analysis
    python-uharfbuzz: to use the Harfbuzz Repacker for packing GSUB/GPOS tables
    python-unicodedata2: for displaying the Unicode character names when dumping the cmap table with ttx
    python-zopfli: faster backend fom WOFF 1.0 web fonts compression
installing polkit...
installing double-conversion...
installing libb2...
installing libice...
installing libevdev...
installing libgudev...
installing libwacom...
Optional dependencies for libwacom
    python-libevdev: for libwacom-show-stylus
    python-pyudev: for libwacom-show-stylus
installing lua54...
installing mtdev...
installing libinput...
Optional dependencies for libinput
    libinput-tools: debug utilities
installing libsm...
installing liburing...
installing libxkbcommon-x11...
installing md4c...
installing tslib...
installing xcb-util-renderutil...
installing xcb-util...
installing xcb-util-image...
installing xcb-util-cursor...
installing xcb-util-keysyms...
installing xcb-util-wm...
installing xdg-utils...
Optional dependencies for xdg-utils
    kde-cli-tools: for KDE Plasma5 support in xdg-open
    exo: for Xfce support in xdg-open
    pcmanfm: for LXDE support in xdg-open
    perl-file-mimeinfo: for generic support in xdg-open
    perl-net-dbus: Perl extension to dbus used in xdg-screensaver
    perl-x11-protocol: Perl X11 protocol used in xdg-screensaver
    xorg-xset: for X11 support in xdg-screensaver
    xorg-xprop: for X11 support in xdg-screensaver [installed]
installing qt6-translations...
installing qt6-base...
Optional dependencies for qt6-base
    freetds: MS SQL driver
    gdk-pixbuf2: GTK platform plugin [installed]
    gtk3: GTK platform plugin [installed]
    libfbclient: Firebird/iBase driver
    mariadb-libs: MariaDB driver
    pango: GTK platform plugin [installed]
    perl: for syncqt [installed]
    postgresql-libs: PostgreSQL driver
    unixodbc: ODBC driver
installing polkit-qt6...
:: Running post-transaction hooks...
( 1/21) Creating system user accounts...
Creating group 'polkitd' with GID 102.
Creating group 'alpm' with GID 970.
Creating user 'alpm' (Arch Linux Package Management) with UID 970 and GID 970.
Creating group 'avahi' with GID 969.
Creating user 'avahi' (Avahi mDNS/DNS-SD daemon) with UID 969 and GID 969.
Creating user 'polkitd' (User for polkitd) with UID 102 and GID 102.
( 2/21) Creating temporary files...
( 3/21) Updating journal message catalog...
( 4/21) Updating udev hardware database...
( 5/21) Applying kernel sysctl settings...
  Skipped: Running in chroot.
( 6/21) Reloading system manager configuration...
  Skipped: Running in chroot.
( 7/21) Reloading user manager configuration...
  Skipped: Running in chroot.
( 8/21) Updating the MIME type database...
( 9/21) Reloading device manager configuration...
  Skipped: Running in chroot.
(10/21) Arming ConditionNeedsUpdate...
(11/21) Updating fontconfig configuration...
(12/21) Rebuilding certificate stores...
(13/21) Reloading system bus configuration...
  Skipped: Running in chroot.
(14/21) Checking for old perl modules...
(15/21) Updating fontconfig cache...
(16/21) Updating GIO module cache...
(17/21) Compiling GSettings XML schema files...
(18/21) Probing GTK3 input method modules...
(19/21) Updating icon theme caches...
(20/21) Updating the info directory file...
(21/21) Updating the desktop file MIME type cache...
Failed to open system bus: No such file or directory
Attempted to remove disk file system under "/run/systemd/nspawn/propagate/arch-nspawn-1042", and we can't allow that.
ERROR: Script failed at line 392 with exit code 1
